INFO:     Started server process [22556]
INFO:     Waiting for application startup.
INFO:     Application startup complete.
INFO:     Uvicorn running on http://0.0.0.0:8001 (Press CTRL+C to quit)
<<<<<<< HEAD
Job "run_cleanup (trigger: cron[hour='2', minute='0'], next run at: 2026-08-07 02:00:00 EAT)" raised an exception
Traceback (most recent call last):
  File "C:\Users\matew\OneDrive\Documents\ank neww rag2\.venv\Lib\site-packages\apscheduler\executors\base_py3.py", line 30, in run_coroutine_job
    retval = await job.func(*job.args, **job.kwargs)
             ^^^^^^^^^^^^^^^^^^^^^^^^^^^^^^^^^^^^^^^
  File "C:\Users\matew\OneDrive\Documents\ank neww rag2\lawfirm-rag\cleanup\orphan_finder.py", line 21, in run_cleanup
    drive_files = list_folder_files()
                  ^^^^^^^^^^^^^^^^^^^
  File "C:\Users\matew\OneDrive\Documents\ank neww rag2\lawfirm-rag\ingest\downloader.py", line 44, in list_folder_files
    ).execute()
      ^^^^^^^^^
  File "C:\Users\matew\OneDrive\Documents\ank neww rag2\.venv\Lib\site-packages\googleapiclient\_helpers.py", line 130, in positional_wrapper
    return wrapped(*args, **kwargs)
           ^^^^^^^^^^^^^^^^^^^^^^^^
  File "C:\Users\matew\OneDrive\Documents\ank neww rag2\.venv\Lib\site-packages\googleapiclient\http.py", line 923, in execute
    resp, content = _retry_request(
                    ^^^^^^^^^^^^^^^
  File "C:\Users\matew\OneDrive\Documents\ank neww rag2\.venv\Lib\site-packages\googleapiclient\http.py", line 191, in _retry_request
    resp, content = http.request(uri, method, *args, **kwargs)
                    ^^^^^^^^^^^^^^^^^^^^^^^^^^^^^^^^^^^^^^^^^^
  File "C:\Users\matew\OneDrive\Documents\ank neww rag2\.venv\Lib\site-packages\google_auth_httplib2.py", line 209, in request
    self.credentials.before_request(self._request, method, uri, request_headers)
  File "C:\Users\matew\OneDrive\Documents\ank neww rag2\.venv\Lib\site-packages\google\auth\credentials.py", line 240, in before_request
    self._blocking_refresh(request)
  File "C:\Users\matew\OneDrive\Documents\ank neww rag2\.venv\Lib\site-packages\google\auth\credentials.py", line 203, in _blocking_refresh
    self.refresh(request)
  File "C:\Users\matew\OneDrive\Documents\ank neww rag2\.venv\Lib\site-packages\google\auth\credentials.py", line 517, in refresh
    self._perform_refresh_token(request)
  File "C:\Users\matew\OneDrive\Documents\ank neww rag2\.venv\Lib\site-packages\google\oauth2\credentials.py", line 435, in _perform_refresh_token
    ) = reauth.refresh_grant(
        ^^^^^^^^^^^^^^^^^^^^^
  File "C:\Users\matew\OneDrive\Documents\ank neww rag2\.venv\Lib\site-packages\google\oauth2\reauth.py", line 370, in refresh_grant
    _client._handle_error_response(response_data, retryable_error)
  File "C:\Users\matew\OneDrive\Documents\ank neww rag2\.venv\Lib\site-packages\google\oauth2\_client.py", line 73, in _handle_error_response
    raise exceptions.RefreshError(
google.auth.exceptions.RefreshError: ('invalid_grant: Bad Request', {'error': 'invalid_grant', 'error_description': 'Bad Request'})
Run time of job "run_cleanup (trigger: cron[hour='2', minute='0'], next run at: 2026-08-08 02:00:00 EAT)" was missed by 1:27:15.104243
Run time of job "run_cleanup (trigger: cron[hour='2', minute='0'], next run at: 2026-08-09 02:00:00 EAT)" was missed by 1:38:17.953953
Job "run_cleanup (trigger: cron[hour='2', minute='0'], next run at: 2026-08-10 02:00:00 EAT)" raised an exception
Traceback (most recent call last):
  File "C:\Users\matew\OneDrive\Documents\ank neww rag2\.venv\Lib\site-packages\apscheduler\executors\base_py3.py", line 30, in run_coroutine_job
    retval = await job.func(*job.args, **job.kwargs)
             ^^^^^^^^^^^^^^^^^^^^^^^^^^^^^^^^^^^^^^^
  File "C:\Users\matew\OneDrive\Documents\ank neww rag2\lawfirm-rag\cleanup\orphan_finder.py", line 21, in run_cleanup
    drive_files = list_folder_files()
                  ^^^^^^^^^^^^^^^^^^^
  File "C:\Users\matew\OneDrive\Documents\ank neww rag2\lawfirm-rag\ingest\downloader.py", line 44, in list_folder_files
    ).execute()
      ^^^^^^^^^
  File "C:\Users\matew\OneDrive\Documents\ank neww rag2\.venv\Lib\site-packages\googleapiclient\_helpers.py", line 130, in positional_wrapper
    return wrapped(*args, **kwargs)
           ^^^^^^^^^^^^^^^^^^^^^^^^
  File "C:\Users\matew\OneDrive\Documents\ank neww rag2\.venv\Lib\site-packages\googleapiclient\http.py", line 923, in execute
    resp, content = _retry_request(
                    ^^^^^^^^^^^^^^^
  File "C:\Users\matew\OneDrive\Documents\ank neww rag2\.venv\Lib\site-packages\googleapiclient\http.py", line 191, in _retry_request
    resp, content = http.request(uri, method, *args, **kwargs)
                    ^^^^^^^^^^^^^^^^^^^^^^^^^^^^^^^^^^^^^^^^^^
  File "C:\Users\matew\OneDrive\Documents\ank neww rag2\.venv\Lib\site-packages\google_auth_httplib2.py", line 209, in request
    self.credentials.before_request(self._request, method, uri, request_headers)
  File "C:\Users\matew\OneDrive\Documents\ank neww rag2\.venv\Lib\site-packages\google\auth\credentials.py", line 240, in before_request
    self._blocking_refresh(request)
  File "C:\Users\matew\OneDrive\Documents\ank neww rag2\.venv\Lib\site-packages\google\auth\credentials.py", line 203, in _blocking_refresh
    self.refresh(request)
  File "C:\Users\matew\OneDrive\Documents\ank neww rag2\.venv\Lib\site-packages\google\auth\credentials.py", line 517, in refresh
    self._perform_refresh_token(request)
  File "C:\Users\matew\OneDrive\Documents\ank neww rag2\.venv\Lib\site-packages\google\oauth2\credentials.py", line 435, in _perform_refresh_token
    ) = reauth.refresh_grant(
        ^^^^^^^^^^^^^^^^^^^^^
  File "C:\Users\matew\OneDrive\Documents\ank neww rag2\.venv\Lib\site-packages\google\oauth2\reauth.py", line 370, in refresh_grant
    _client._handle_error_response(response_data, retryable_error)
  File "C:\Users\matew\OneDrive\Documents\ank neww rag2\.venv\Lib\site-packages\google\oauth2\_client.py", line 73, in _handle_error_response
    raise exceptions.RefreshError(
google.auth.exceptions.RefreshError: ('invalid_grant: Bad Request', {'error': 'invalid_grant', 'error_description': 'Bad Request'})
Job "run_cleanup (trigger: cron[hour='2', minute='0'], next run at: 2026-08-11 02:00:00 EAT)" raised an exception
Traceback (most recent call last):
  File "C:\Users\matew\OneDrive\Documents\ank neww rag2\.venv\Lib\site-packages\apscheduler\executors\base_py3.py", line 30, in run_coroutine_job
    retval = await job.func(*job.args, **job.kwargs)
             ^^^^^^^^^^^^^^^^^^^^^^^^^^^^^^^^^^^^^^^
  File "C:\Users\matew\OneDrive\Documents\ank neww rag2\lawfirm-rag\cleanup\orphan_finder.py", line 21, in run_cleanup
    drive_files = list_folder_files()
                  ^^^^^^^^^^^^^^^^^^^
  File "C:\Users\matew\OneDrive\Documents\ank neww rag2\lawfirm-rag\ingest\downloader.py", line 44, in list_folder_files
    ).execute()
      ^^^^^^^^^
  File "C:\Users\matew\OneDrive\Documents\ank neww rag2\.venv\Lib\site-packages\googleapiclient\_helpers.py", line 130, in positional_wrapper
    return wrapped(*args, **kwargs)
           ^^^^^^^^^^^^^^^^^^^^^^^^
  File "C:\Users\matew\OneDrive\Documents\ank neww rag2\.venv\Lib\site-packages\googleapiclient\http.py", line 923, in execute
    resp, content = _retry_request(
                    ^^^^^^^^^^^^^^^
  File "C:\Users\matew\OneDrive\Documents\ank neww rag2\.venv\Lib\site-packages\googleapiclient\http.py", line 191, in _retry_request
    resp, content = http.request(uri, method, *args, **kwargs)
                    ^^^^^^^^^^^^^^^^^^^^^^^^^^^^^^^^^^^^^^^^^^
  File "C:\Users\matew\OneDrive\Documents\ank neww rag2\.venv\Lib\site-packages\google_auth_httplib2.py", line 209, in request
    self.credentials.before_request(self._request, method, uri, request_headers)
  File "C:\Users\matew\OneDrive\Documents\ank neww rag2\.venv\Lib\site-packages\google\auth\credentials.py", line 240, in before_request
    self._blocking_refresh(request)
  File "C:\Users\matew\OneDrive\Documents\ank neww rag2\.venv\Lib\site-packages\google\auth\credentials.py", line 203, in _blocking_refresh
    self.refresh(request)
  File "C:\Users\matew\OneDrive\Documents\ank neww rag2\.venv\Lib\site-packages\google\auth\credentials.py", line 517, in refresh
    self._perform_refresh_token(request)
  File "C:\Users\matew\OneDrive\Documents\ank neww rag2\.venv\Lib\site-packages\google\oauth2\credentials.py", line 435, in _perform_refresh_token
    ) = reauth.refresh_grant(
        ^^^^^^^^^^^^^^^^^^^^^
  File "C:\Users\matew\OneDrive\Documents\ank neww rag2\.venv\Lib\site-packages\google\oauth2\reauth.py", line 370, in refresh_grant
    _client._handle_error_response(response_data, retryable_error)
  File "C:\Users\matew\OneDrive\Documents\ank neww rag2\.venv\Lib\site-packages\google\oauth2\_client.py", line 73, in _handle_error_response
    raise exceptions.RefreshError(
google.auth.exceptions.RefreshError: ('invalid_grant: Bad Request', {'error': 'invalid_grant', 'error_description': 'Bad Request'})
=======
>>>>>>> c7d4b0571d87621b092e195d03135e276042d2fc
